test!True